naam                        
----------------------------
A DAM MIDKAP INDEX          
AA AF                       
AA ALL IN                   
AA AMERICA                  
AA CHINA                    
AA E-EUROP                  
AA EUROPE                   
AA F.EAST                   
AA FNF/W                    
AA GERMANY                  
AA GLOB.EQ                  
AA GLOB.PR                  
AA GROEN                    
AA JAPAN                    
AA LIQ GR                   
AA NETH.FD                  
AA OBL FDS                  
AA OBL GR                   
AA PSF AM                   
AA PSF EU                   
AA PSF FE                   
AA RENTE-D                  
AA SMALL C                  
AA VAL LIQ                  
AA VAL OBL                  
AAB DFW                     
AAB EBS W                   
AAB NIFTY                   
AAB NIFTY2                  
AAB OGF                     
AAB RD W                    
AABNK/C A                   
AAGPS                       
AAH/EW 92                   
AALBERTS                    
ABN AM/CP                   
ABN AMRO                    
ABN AMRO PREF               
ADAM EOE                    
AEGON                       
AEGON AF                    
AHOLD                       
AHREND                      
AIR                         
AIR/CP                      
AKZO NOBEL                  
AL ALG. RENTEFONDS          
ALANHERI                    
ALDOLLAR                    
ALPINVEST                   
ALRENTA                     
AMS EOE INDEX               
AMSTERDAM RUBBER            
AMVABEL                     
AND IP                      
ANTILLIAANSE VERF           
ANTONOV                     
AOT                         
ARNHEMSCHE AKZO             
ARTU BIOLOGICALS            
ASIA PAC                    
ASIAN CAP                   
ASIAN SF                    
ASIAN TF                    
ASM INTERNATIONAL           
ASM LITHOGRAPHY             
ASN AANDF                   
ASN GROENPRJ                
ASR VERZEKERINGSGROEP       
ATAG                        
ATHLON GROEP                
ATHLON GROEP/C              
AVESCO                      
AXA ABN                     
AXA AND                     
AXA OBL NL                  
AXXICON                     
BAAN                        
BALLAST NEDAM               
BATENBURG                   
BE SEMICONDUCTOR IND.       
BEERS                       
BEGEMANN                    
BEGEMANN B                  
BEL.MEDICI                  
BELINDO                     
BENCKISER                   
BESOUW HOLDING              
BETER BED                   
BEURSHAVE                   
BEVER                       
BIOGROND                    
BLYDENSTEIN-WILIINK         
BNK RES W                   
BOER UNIGRO                 
BOLSWESSANEN                
BOSKALIS                    
BRAAT BEHEER                
BREEVAST                    
BRILL                       
BROCACEF                    
BRUNEL                      
BURGMANN HEYBROEK           
CALVE                       
CALVE/NC                    
CAP GEMINI                  
CAPA CITY                   
CETECO                      
CHIC B&I                    
CINDU                       
CLICK                       
CMG                         
CONTENT                     
CROWN VAN GELDER            
CSM/A                       
CSM/C                       
CSS HOLD                    
CUMPREF FD                  
CVG                         
CW DUTCHIT                  
D.L. JADE                   
D.L.INVEST                  
D.L.MIX FD                  
D.L.RENTE                   
DE DRIE ELECTRONICS         
DELFT INSTRUMENTS           
DELTA-LL $                  
DEN FUND                    
DICO                        
DOCDATA                     
DONAU                       
DORDTSE PETR MY             
DORP VAN                    
DP-AM.GF                    
DRAKA                       
DSM                         
DUCATUS                     
ECONOSTO                    
EGF INV                     
ELSEVIER                    
EMBA                        
EMIS                        
ENDEMOL                     
ENHOBEL                     
ERIKS                       
ESMERALDA                   
EUR.DEV                     
EUR.GROWTH                  
EUROBD/ECU                  
EUROP CITY                  
EVC                         
FALC CAPGE                  
FAR EAST                    
FCN RANDST                  
FINLES TR                   
FLEXOVIT                    
FOKKER CERT                 
FORTIS AMEV                 
FRANS MAAS                  
FREE RECORD SHOP            
FUGRO                       
FURNESS                     
G AAND FDS                  
G LIQ GRF                   
G ODFF                      
G OWF                       
GAMMA                       
GAMMA/P                     
GELDERSE PAPIER             
GERM CITY                   
GERMAN RB                   
GETRONICS                   
GEVEKE                      
GIESSEN-DE NOORD            
GIM                         
GIM DUTCH                   
GIM MIX                     
GIST BROCADES               
GLOBAL CF                   
GOUDA VUURVAST              
GREAT WESTERN RES.          
GROLSCH                     
GRONTMIJ                    
GROOTHANDELSGEB.            
GTH TECHNISCHE HAND.        
GTI                         
GUCCI                       
GULDEN RF                   
HAGEMEYER                   
HAL                         
HAL B                       
HBG                         
HEEK-TWEKA                  
HEIDEMIJ                    
HEIJMANS                    
HEIN-HOLD                   
HEINEKEN                    
HELVOET                     
HES                         
HGM/W                       
HIGHLIGHT DEVEL             
HIM FURN                    
HOEK LOOS                   
HOEK MACHINEFABR.           
HOLL EUR.F                  
HOLL OBL.F                  
HOLL PAC.F                  
HOLL SEL.F                  
HOLLAND CHEMICAL INT.       
HOLLAND COLOURS             
HOLLAND FD                  
HOLLANDIA KLOOS             
HOOGEHUYS                   
HOOGOVENS                   
HOOP VAN DER                
HSS/WARR                    
HUNTER DOUGLAS              
HUNTER DOUGLAS/P            
IBB KONDOR WESSELS          
ICT                         
IHC CALAND                  
INEFF JAP                   
INEFF RG 2                  
INEFF-500                   
ING                         
ING DEPOR                   
ING DFCW                    
ING DUTCH                   
ING EM EEF                  
ING GELD                    
ING GL FD                   
ING GULDEM                  
ING IT FD                   
ING IT WAR                  
ING L E100                  
ING LIR I                   
ING LIR II                  
ING MIDDUT                  
ING OB                      
ING OBL F                   
ING QLF                     
ING RENTE                   
ING SPAAR                   
ING VOF                     
ING/P                       
ING/W                       
INS EMC                     
INS GLOBAL                  
INS RS                      
INT JAP WR                  
INTER RG                    
INTER RG 2                  
INTERNATIO-MULLER           
IS HIM WAR                  
ISPAT INT                   
JADE FDS                    
JAPAN CV F                  
KAS-ASSOCIATIE              
KBB                         
KEMPEN & CO                 
KLENE                       
KLM                         
KNP BT                      
KNP BT/CP                   
KON BAM GROEP               
KON EMB VAN LEER            
KON NED PETR MY             
KON TEN CATE                
KOPPELPOORT                 
KPN                         
KRASNAPOLSKY                
KUHNE + HEITZ               
LAB RENTE                   
LANDRE & GLINDERMAN         
LANS GEF                    
LAT.AM.EQ                   
LCI COMPUTER                
LETTERHAV                   
LEV CAP                     
LIQUIRENT                   
MACINTOSH CONFEC            
MAKITA                      
MAL CAP                     
MANAGEMENT SHARE            
MAXWELL PETROL.             
MEERWAARDE                  
MELLE  VAN                  
MENDES GANS                 
MOEARA                      
MOEARA/OB                   
MONDIBEL                    
MOOLEN VAN DER              
MP OBL DIV                  
MP OBL GR                   
MP OFFSHOR                  
MULDER                      
MULTIHOUSE                  
NAEFF                       
NAGRON                      
NAT REC F                   
NATIONALE INVESTERINGSBANK  
NATIONALE INVESTERINGSBANK/P
NBM-AMS CW                  
NBM-AMSTELLAND              
NEDAP                       
NEDCON GROEP                
NEDERLANDSCHE SPRINGSTOFFEN 
NEDLLOYD                    
NEDSCHROEF                  
NEWAYS                      
NEWTRON                     
NIB EMCF                    
NIFTY GERM                  
NKF                         
NORIT                       
NPM                         
NUTRECO                     
NUTRICIA                    
NUTRICIA/W                  
NYLOPLAST                   
OBAM                        
OCE                         
OCE CW                      
OHRA AAND                   
OHRA CARE                   
OHRA LIQGR                  
OHRA MMF                    
OHRA MTF                    
OHRA OBLDF                  
OHRA OBLGR                  
OHRA ONRGD                  
OHRA SPDIV                  
OHRA TOTAL                  
OMMEREN VAN                 
OMNIUM EUROPE               
OPB.MEDICI                  
OPG                         
OPTIM TECH                  
ORANGE DLN                  
ORANGE ESC                  
ORANGE FD                   
ORANGE GPF                  
ORANGE MCF                  
ORDINA                      
OTRA                        
PAC RIM CV                  
PAKHOED                     
PB PROP FD                  
PEEK & CLOPPENBURG          
PHIL/EW                     
PHILIPS                     
PIRELLI                     
PIRELLI.W                   
PITCHER                     
POLYDOC                     
POLYGRAM                    
POLYNORM                    
PORCELEYNE FLES             
POSTBK AF                   
POSTBK BF                   
POSTBK IT                   
POSTBK NF                   
POSTBK OF                   
POSTBK VF                   
PREF FNDS                   
PROLION                     
RABO DFCW                   
RANDST FCS                  
RANDSTAD                    
REESINK                     
RENTALENT                   
RENTE PLUS                  
RG AAND                     
RG AMERIC                   
RG DIV FD                   
RG DIVIRE                   
RG EMERG                    
RG EUROPE                   
RG FLORENT                  
RG HOL BEZ                  
RG NETTO                    
RG OBL                      
RG PACIFI                   
RG RENTE                    
RGZ AUSTR                   
RGZ DUITSL                  
RGZ JAPAN                   
RGZ MALEIS                  
RIANT GRSP                  
ROBECO                      
RODAMCO                     
RODAMRETAI                  
ROLINCO                     
ROOD TESTHOUSE              
RORENTO                     
ROTO SMEETS DE BOER         
ROTOTAAL                    
ROYAL MIX                   
ROYAL PLUS                  
ROYAL TOP                   
SAMAS                       
SAMAS CCPA                  
SARAKREEK                   
SATCOM                      
SCHRODERS                   
SCHUITEMA                   
SCHUTTERSVELD               
SIMAC                       
SLIGRO                      
SMIT INTERNATIONALE         
SMIT TRANSFORMATOREN        
SNS EURAF                   
SNS EURMF                   
SNS EURODF                  
SNS EUROGF                  
SNS GDF                     
SNS GG                      
SNS NAF                     
SNS ODF                     
SNS OGF                     
SNS SPPAF                   
SPHINX GUSTAVSBERG          
STORK                       
SUEZ GR F                   
TELEGRAAF                   
TEXTIELGROEP TWENTHE        
TG OLIE                     
TG PETROLH                  
TG RENTE                    
TOKYO-PH                    
TOLSTEEG                    
TOOLEX ALPHA                
TRANS-EUR                   
TRANSPAC                    
TRIODOS WINDF               
TULIP COMPUTERS             
TWENTSCHE KABEL             
UBBINK                      
UCC                         
UNI-INV                     
UNILEV./A                   
UNILEVER                    
UNIQUE                      
VASTNED OF                  
VASTNED RT                  
VEDIOR                      
VENDEX                      
VERTO                       
VHS                         
VIB                         
VILENZO                     
VNU                         
VOLKER WESSELS STEVIN       
VPV HV                      
VREDESTEIN                  
VSB AAND F                  
VSB LGF                     
VSB MF                      
VSB OGF                     
VSB RENTE                   
WARR MOOL                   
WBO-INT                     
WEGENER ARCADE              
WELNA                       
WERELDHVE                   
WESTER                      
WEWELER                     
WOLTERS KLUWER              
WPF                         
WYERS                       
WYERS WARR                  
ZONNESPEC                   
(472 rows)

